{
    "records": {
        "conduit_locked": true,
        "conduit_mutable": false,
        "study": "test_record_set_immutable",
        "work_area": "wa"
    }
}