{
    "records": {
        "algorithm": "test_algorithm",
        "reader": "test_reader",
        "group": {
            "a": "b"
        },
        "runner": "test_runner",
        "study": "test_reference",
        "work_area": "wa"
    }
}