{
    "records": [
        {
            "Comment": "Welcome to Tuna",
            "experiment": "--",
            "file": "Tuna.jpg",
            "pre_post_si": "--",
            "product_name": "Tuna",
            "step": "--",
            "workload": "--"
        }
    ]
}